// Jest Snapshot v1, https://goo.gl/fbAQLP

exports[`Rendering and submitting add and update task form 1`] = `
<div>
  <div
    style="display: flex; justify-content: center; align-items: center; width: 100%; height: 100%;"
  >
    <div
      class="spinner-border"
      style="width: 80px; height: 80px;"
    />
  </div>
</div>
`;

exports[`rendering and submitting add and update task form 1`] = `
<div>
  <div
    style="display: flex; justify-content: center; align-items: center; width: 100%; height: 100%;"
  >
    <div
      class="spinner-border"
      style="width: 80px; height: 80px;"
    />
  </div>
</div>
`;
